
> flowly2-frontend@0.1.0 build
> next build

Γû▓ Next.js 16.1.6 (Turbopack)
- Environments: .env.local

  Creating an optimized production build ...
node.exe : 
At C:\Users\el-noir\AppData\Roaming\npm\npm.ps1:24 char:5
+     & "node$exe"  
"$basedir/node_modules/npm/bin/npm-cli.js" $args
+     ~~~~~~~~~~~~~~~~~~~~~~~~~~~~~~~~~~~~~~~~~~~~~~~~~~~~~~
~~~~~~~~
    + CategoryInfo          : NotSpecified: (:String) [], R 
   emoteException
    + FullyQualifiedErrorId : NativeCommandError
 
> Build error occurred
Error: Turbopack build failed with 5 errors:
./src/app/(app)/dashboard/page.tsx:1:17
Ecmascript file had an error
[0m[31m[1m>[22m[39m[90m 1 |[39m [36mimport[39m 
[33mReact[39m[33m,[39m { useEffect[33m,[39m 
useState[33m,[39m [33mSuspense[39m } [36mfrom[39m 
[32m"react"[39m[33m;[39m
 [90m   |[39m                 [31m[1m^[22m[39m[31m[1
m^[22m[39m[31m[1m^[22m[39m[31m[1m^[22m[39m[31m[1
m^[22m[39m[31m[1m^[22m[39m[31m[1m^[22m[39m[31m[1
m^[22m[39m[31m[1m^[22m[39m
 [90m 2 |[39m [36mimport[39m { useAuthStore } 
[36mfrom[39m [32m"@/stores/authStore"[39m[33m;[39m
 [90m 3 |[39m [36mimport[39m { useOrgStore } 
[36mfrom[39m [32m"@/stores/orgStore"[39m[33m;[39m
 [90m 4 |[39m [36mimport[39m { getOrgForms } 
[36mfrom[39m 
[32m"@/lib/api/organizations"[39m[33m;[39m[0m

You're importing a component that needs `useEffect`. This 
React Hook only works in a Client Component. To fix, mark 
the file (or its parent) with the `"use client"` directive.

 Learn more: https://nextjs.org/docs/app/api-reference/direc
tives/use-client




./src/app/(app)/dashboard/page.tsx:14:27
Ecmascript file had an error
[0m [90m 12 |[39m [36mimport[39m { 
[33mPlus[39m[33m,[39m [33mWand2[39m[33m,[39m 
[33mLoader2[39m } [36mfrom[39m 
[32m"lucide-react"[39m[33m;[39m
 [90m 13 |[39m [36mimport[39m [33mLink[39m 
[36mfrom[39m [32m"next/link"[39m[33m;[39m
[31m[1m>[22m[39m[90m 14 |[39m [36mimport[39m { 
useSearchParams[33m,[39m useRouter } [36mfrom[39m 
[32m"next/navigation"[39m[33m;[39m
 [90m    |[39m                           [31m[1m^[22m[
39m[31m[1m^[22m[39m[31m[1m^[22m[39m[31m[1m^[22m[
39m[31m[1m^[22m[39m[31m[1m^[22m[39m[31m[1m^[22m[
39m[31m[1m^[22m[39m[31m[1m^[22m[39m
 [90m 15 |[39m
 [90m 16 |[39m [36mfunction[39m 
[33mDashboardContent[39m() {
 [90m 17 |[39m   [36mconst[39m { user[33m,[39m 
accessToken } [33m=[39m useAuthStore()[33m;[39m[0m

You're importing a component that needs `useRouter`. This 
React Hook only works in a Client Component. To fix, mark 
the file (or its parent) with the `"use client"` directive.

 Learn more: https://nextjs.org/docs/app/api-reference/direc
tives/use-client




./src/app/(app)/dashboard/page.tsx:14:10
Ecmascript file had an error
[0m [90m 12 |[39m [36mimport[39m { 
[33mPlus[39m[33m,[39m [33mWand2[39m[33m,[39m 
[33mLoader2[39m } [36mfrom[39m 
[32m"lucide-react"[39m[33m;[39m
 [90m 13 |[39m [36mimport[39m [33mLink[39m 
[36mfrom[39m [32m"next/link"[39m[33m;[39m
[31m[1m>[22m[39m[90m 14 |[39m [36mimport[39m { 
useSearchParams[33m,[39m useRouter } [36mfrom[39m 
[32m"next/navigation"[39m[33m;[39m
 [90m    |[39m          [31m[1m^[22m[39m[31m[1m^[22
m[39m[31m[1m^[22m[39m[31m[1m^[22m[39m[31m[1m^[22
m[39m[31m[1m^[22m[39m[31m[1m^[22m[39m[31m[1m^[22
m[39m[31m[1m^[22m[39m[31m[1m^[22m[39m[31m[1m^[22
m[39m[31m[1m^[22m[39m[31m[1m^[22m[39m[31m[1m^[22
m[39m[31m[1m^[22m[39m
 [90m 15 |[39m
 [90m 16 |[39m [36mfunction[39m 
[33mDashboardContent[39m() {
 [90m 17 |[39m   [36mconst[39m { user[33m,[39m 
accessToken } [33m=[39m useAuthStore()[33m;[39m[0m

You're importing a component that needs `useSearchParams`. 
This React Hook only works in a Client Component. To fix, 
mark the file (or its parent) with the `"use client"` 
directive.

 Learn more: https://nextjs.org/docs/app/api-reference/direc
tives/use-client




./src/app/(app)/dashboard/page.tsx:1:28
Ecmascript file had an error
[0m[31m[1m>[22m[39m[90m 1 |[39m [36mimport[39m 
[33mReact[39m[33m,[39m { useEffect[33m,[39m 
useState[33m,[39m [33mSuspense[39m } [36mfrom[39m 
[32m"react"[39m[33m;[39m
 [90m   |[39m                            [31m[1m^[22m[
39m[31m[1m^[22m[39m[31m[1m^[22m[39m[31m[1m^[22m[
39m[31m[1m^[22m[39m[31m[1m^[22m[39m[31m[1m^[22m[
39m[31m[1m^[22m[39m
 [90m 2 |[39m [36mimport[39m { useAuthStore } 
[36mfrom[39m [32m"@/stores/authStore"[39m[33m;[39m
 [90m 3 |[39m [36mimport[39m { useOrgStore } 
[36mfrom[39m [32m"@/stores/orgStore"[39m[33m;[39m
 [90m 4 |[39m [36mimport[39m { getOrgForms } 
[36mfrom[39m 
[32m"@/lib/api/organizations"[39m[33m;[39m[0m

You're importing a component that needs `useState`. This 
React Hook only works in a Client Component. To fix, mark 
the file (or its parent) with the `"use client"` directive.

 Learn more: https://nextjs.org/docs/app/api-reference/direc
tives/use-client




./src/components/ui/MagneticButton.tsx:2:17
Ecmascript file had an error
[0m [90m 1 |[39m [36mimport[39m { motion[33m,[39m 
useMotionValue[33m,[39m useSpring } [36mfrom[39m 
[32m'motion/react'[39m[33m;[39m
[31m[1m>[22m[39m[90m 2 |[39m [36mimport[39m 
[33mReact[39m[33m,[39m { useRef } [36mfrom[39m 
[32m'react'[39m[33m;[39m
 [90m   |[39m                 [31m[1m^[22m[39m[31m[1
m^[22m[39m[31m[1m^[22m[39m[31m[1m^[22m[39m[31m[1
m^[22m[39m[31m[1m^[22m[39m
 [90m 3 |[39m
 [90m 4 |[39m [36minterface[39m 
[33mMagneticButtonProps[39m {
 [90m 5 |[39m   children[33m:[39m 
[33mReact[39m[33m.[39m[33mReactNode[39m[33m;[39m[0m

You're importing a component that needs `useRef`. This 
React Hook only works in a Client Component. To fix, mark 
the file (or its parent) with the `"use client"` directive.

 Learn more: https://nextjs.org/docs/app/api-reference/direc
tives/use-client



Import traces:
  Server Component:
    ./src/components/ui/MagneticButton.tsx
    ./src/app/(app)/dashboard/page.tsx

  Client Component Browser:
    ./src/components/ui/MagneticButton.tsx [Client 
Component Browser]
    ./src/app/(app)/forms/[id]/page.tsx [Client Component 
Browser]
    ./src/app/(app)/forms/[id]/page.tsx [Server Component]

  Client Component SSR:
    ./src/components/ui/MagneticButton.tsx [Client 
Component SSR]
    ./src/app/(app)/forms/[id]/page.tsx [Client Component 
SSR]
    ./src/app/(app)/forms/[id]/page.tsx [Server Component]


    at <unknown> (./src/app/(app)/dashboard/page.tsx:1:17)
    at <unknown> (./src/app/(app)/dashboard/page.tsx:14:27)
    at <unknown> (./src/app/(app)/dashboard/page.tsx:14:10)
    at <unknown> (./src/app/(app)/dashboard/page.tsx:1:28)
    at <unknown> 
(./src/components/ui/MagneticButton.tsx:2:17)
